Microchip Technology Inc, v1.35 (B)

Tool Name:
  c:\program files (x86)\microchip\xc16\v1.35\bin\bin\..\bin/coff-ld.exe

Command:
  -p24FJ128GA010 \
  --mdfp=C:/Program Files/Microchip/MPLABX/v6.00/packs/Microchip/PIC24F-GA-GB_DFP/1.5.181/xc16 \
  -o \
  dist/default/production/Project4.X.production.cof \
  -Lc:/program files (x86)/microchip/xc16/v1.35/bin/bin/.. \
  -LC:/Program Files/Microchip/MPLABX/v6.00/packs/Microchip/PIC24F-GA-GB_DFP/1.5.181/xc16/bin/../support/PIC24F/gld \
  -Lc:/program files (x86)/microchip/xc16/v1.35/bin/bin/../../lib \
  -Lc:/program files (x86)/microchip/xc16/v1.35/bin/bin/../../support/PIC24E/gld \
  -Lc:/program files (x86)/microchip/xc16/v1.35/bin/bin/../../support/PIC24F/gld \
  -Lc:/program files (x86)/microchip/xc16/v1.35/bin/bin/../../support/PIC24H/gld \
  -Lc:/program files (x86)/microchip/xc16/v1.35/bin/bin/../../support/dsPIC30F/gld \
  -Lc:/program files (x86)/microchip/xc16/v1.35/bin/bin/../../support/dsPIC33C/gld \
  -Lc:/program files (x86)/microchip/xc16/v1.35/bin/bin/../../support/dsPIC33E/gld \
  -Lc:/program files (x86)/microchip/xc16/v1.35/bin/bin/../../support/dsPIC33F/gld \
  build/default/production/RtosMain.o \
  build/default/production/salvomem.o \
  C:\Pumpkin\Salvo\Lib\MCC30-v3\libsalvolmcc30s-t.a \
  --defsym=__MPLAB_BUILD=1 \
  -Tp24FJ128GA010.gld.00 \
  --stack=16 \
  --check-sections \
  --data-init \
  --pack-data \
  --handles \
  --isr \
  --no-gc-sections \
  --fill-upper=0 \
  --stackguard=16 \
  --no-force-link \
  --smart-io \
  -Map=dist/default/production/Project4.X.production.map \
  --report-mem \
  --memorysummary \
  dist/default/production/memoryfile.xml \
  -start-group \
  --library=lega-pic30-coff \
  --library=m-coff \
  --library=lega-c-coff \
  -end-group \

Archive member included because of file (symbol)

C:\Pumpkin\Salvo\Lib\MCC30-v3\libsalvolmcc30s-t.a(salvobinsem.o)
                              build/default/production/RtosMain.o (OSCreateBinSem)
C:\Pumpkin\Salvo\Lib\MCC30-v3\libsalvolmcc30s-t.a(salvoportmcc30.o)
                              build/default/production/RtosMain.o (OSCtxSw)
C:\Pumpkin\Salvo\Lib\MCC30-v3\libsalvolmcc30s-t.a(salvodelay.o)
                              build/default/production/RtosMain.o (OSDelay)
C:\Pumpkin\Salvo\Lib\MCC30-v3\libsalvolmcc30s-t.a(salvoinit.o)
                              build/default/production/RtosMain.o (OSInit)
C:\Pumpkin\Salvo\Lib\MCC30-v3\libsalvolmcc30s-t.a(salvoinit2.o)
                              build/default/production/RtosMain.o (OSCreateTask)
C:\Pumpkin\Salvo\Lib\MCC30-v3\libsalvolmcc30s-t.a(salvosched.o)
                              build/default/production/RtosMain.o (OSSched)
C:\Pumpkin\Salvo\Lib\MCC30-v3\libsalvolmcc30s-t.a(salvotimer.o)
                              build/default/production/RtosMain.o (OSTimer)
C:\Pumpkin\Salvo\Lib\MCC30-v3\libsalvolmcc30s-t.a(salvohook_interrupt.o)
                              C:\Pumpkin\Salvo\Lib\MCC30-v3\libsalvolmcc30s-t.a(salvobinsem.o) (OSDisableHook)
C:\Pumpkin\Salvo\Lib\MCC30-v3\libsalvolmcc30s-t.a(salvoevent.o)
                              C:\Pumpkin\Salvo\Lib\MCC30-v3\libsalvolmcc30s-t.a(salvobinsem.o) (OSWaitEvent)
C:\Pumpkin\Salvo\Lib\MCC30-v3\libsalvolmcc30s-t.a(salvoqins.o)
                              C:\Pumpkin\Salvo\Lib\MCC30-v3\libsalvolmcc30s-t.a(salvoinit2.o) (OSInsPrioQ)
C:\Pumpkin\Salvo\Lib\MCC30-v3\libsalvolmcc30s-t.a(salvohook_wdt.o)
                              C:\Pumpkin\Salvo\Lib\MCC30-v3\libsalvolmcc30s-t.a(salvosched.o) (OSClrWDTHook)
C:\Pumpkin\Salvo\Lib\MCC30-v3\libsalvolmcc30s-t.a(salvoqdel.o)
                              C:\Pumpkin\Salvo\Lib\MCC30-v3\libsalvolmcc30s-t.a(salvosched.o) (OSDelPrioQ)
C:\Pumpkin\Salvo\Lib\MCC30-v3\libsalvolmcc30s-t.a(salvohook_idle.o)
                              C:\Pumpkin\Salvo\Lib\MCC30-v3\libsalvolmcc30s-t.a(salvosched.o) (OSIdlingHook)

Optional library libpPIC24Fxxx.a not found
c:/program files (x86)/microchip/xc16/v1.35/bin/bin/../../lib\liblega-pic30-coff.a(crt0_standard.o)
                              (_resetPRI)
c:/program files (x86)/microchip/xc16/v1.35/bin/bin/../../lib\liblega-pic30-coff.a(data_init_standard.o)
                              c:/program files (x86)/microchip/xc16/v1.35/bin/bin/../../lib\liblega-pic30-coff.a(crt0_standard.o) (_data_init_standard)
c:/program files (x86)/microchip/xc16/v1.35/bin/bin/../../lib\libm-coff.a(floatsisf.o)
                              build/default/production/RtosMain.o (__floatsisf)
c:/program files (x86)/microchip/xc16/v1.35/bin/bin/../../lib\libm-coff.a(mulsf3.o)
                              build/default/production/RtosMain.o (__mulsf3)
c:/program files (x86)/microchip/xc16/v1.35/bin/bin/../../lib\libm-coff.a(addsf3.o)
                              build/default/production/RtosMain.o (__subsf3)
c:/program files (x86)/microchip/xc16/v1.35/bin/bin/../../lib\libm-coff.a(divsf3.o)
                              build/default/production/RtosMain.o (__divsf3)
c:/program files (x86)/microchip/xc16/v1.35/bin/bin/../../lib\libm-coff.a(floatdisf.o)
                              c:/program files (x86)/microchip/xc16/v1.35/bin/bin/../../lib\libm-coff.a(floatsisf.o) (__floatdisf)
c:/program files (x86)/microchip/xc16/v1.35/bin/bin/../../lib\libm-coff.a(funpack2.o)
                              c:/program files (x86)/microchip/xc16/v1.35/bin/bin/../../lib\libm-coff.a(mulsf3.o) (_funpack2)
c:/program files (x86)/microchip/xc16/v1.35/bin/bin/../../lib\libm-coff.a(futil.o)
                              c:/program files (x86)/microchip/xc16/v1.35/bin/bin/../../lib\libm-coff.a(mulsf3.o) (_fPropagateNaN)
c:/program files (x86)/microchip/xc16/v1.35/bin/bin/../../lib\libm-coff.a(fpack.o)
                              c:/program files (x86)/microchip/xc16/v1.35/bin/bin/../../lib\libm-coff.a(mulsf3.o) (_fpack)
c:/program files (x86)/microchip/xc16/v1.35/bin/bin/../../lib\libm-coff.a(floatundisf.o)
                              c:/program files (x86)/microchip/xc16/v1.35/bin/bin/../../lib\libm-coff.a(floatdisf.o) (__floatundisf)
c:/program files (x86)/microchip/xc16/v1.35/bin/bin/../../lib\libm-coff.a(funpack.o)
                              c:/program files (x86)/microchip/xc16/v1.35/bin/bin/../../lib\libm-coff.a(funpack2.o) (_funpack)
c:/program files (x86)/microchip/xc16/v1.35/bin/bin/../../lib\liblega-c-coff.a(sprintf_fF.XXo)
                              build/default/production/RtosMain.o (_sprintf_fF)
c:/program files (x86)/microchip/xc16/v1.35/bin/bin/../../lib\liblega-c-coff.a(memcpy.XX_o)
                              c:/program files (x86)/microchip/xc16/v1.35/bin/bin/../../lib\liblega-c-coff.a(sprintf_fF.XXo) (memcpy)
c:/program files (x86)/microchip/xc16/v1.35/bin/bin/../../lib\liblega-c-coff.a(xprintf_fF.XXo)
                              c:/program files (x86)/microchip/xc16/v1.35/bin/bin/../../lib\liblega-c-coff.a(sprintf_fF.XXo) (__Printf_fF)
c:/program files (x86)/microchip/xc16/v1.35/bin/bin/../../lib\liblega-c-coff.a(xvacopy.XX_o)
                              c:/program files (x86)/microchip/xc16/v1.35/bin/bin/../../lib\liblega-c-coff.a(xprintf_fF.XXo) (_Vacopy)
c:/program files (x86)/microchip/xc16/v1.35/bin/bin/../../lib\liblega-c-coff.a(strchr.XX_o)
                              c:/program files (x86)/microchip/xc16/v1.35/bin/bin/../../lib\liblega-c-coff.a(xprintf_fF.XXo) (strchr)
c:/program files (x86)/microchip/xc16/v1.35/bin/bin/../../lib\liblega-c-coff.a(xputfld_fF.XXo)
                              c:/program files (x86)/microchip/xc16/v1.35/bin/bin/../../lib\liblega-c-coff.a(xprintf_fF.XXo) (__Putfld_fF)
c:/program files (x86)/microchip/xc16/v1.35/bin/bin/../../lib\liblega-c-coff.a(xputtxt.XX_o)
                              c:/program files (x86)/microchip/xc16/v1.35/bin/bin/../../lib\liblega-c-coff.a(xprintf_fF.XXo) (_Puttxt)
c:/program files (x86)/microchip/xc16/v1.35/bin/bin/../../lib\liblega-c-coff.a(xldtob_fF.XXo)
                              c:/program files (x86)/microchip/xc16/v1.35/bin/bin/../../lib\liblega-c-coff.a(xputfld_fF.XXo) (__Ldtob_fF)
c:/program files (x86)/microchip/xc16/v1.35/bin/bin/../../lib\liblega-c-coff.a(xldunsca.XX_o)
                              c:/program files (x86)/microchip/xc16/v1.35/bin/bin/../../lib\liblega-c-coff.a(xldtob_fF.XXo) (_LDunscale)
c:/program files (x86)/microchip/xc16/v1.35/bin/bin/../../lib\liblega-c-coff.a(ldiv.XX_o)
                              c:/program files (x86)/microchip/xc16/v1.35/bin/bin/../../lib\liblega-c-coff.a(xldtob_fF.XXo) (ldiv)
c:/program files (x86)/microchip/xc16/v1.35/bin/bin/../../lib\liblega-c-coff.a(xgenld_fF.XXo)
                              c:/program files (x86)/microchip/xc16/v1.35/bin/bin/../../lib\liblega-c-coff.a(xldtob_fF.XXo) (__Genld_fF)
c:/program files (x86)/microchip/xc16/v1.35/bin/bin/../../lib\liblega-c-coff.a(xdnorm.XX_o)
                              c:/program files (x86)/microchip/xc16/v1.35/bin/bin/../../lib\liblega-c-coff.a(xldunsca.XX_o) (_Dnorm)
c:/program files (x86)/microchip/xc16/v1.35/bin/bin/../../lib\liblega-c-coff.a(div.XX_o)
                              c:/program files (x86)/microchip/xc16/v1.35/bin/bin/../../lib\liblega-c-coff.a(xgenld_fF.XXo) (div)
c:/program files (x86)/microchip/xc16/v1.35/bin/bin/../../lib\libm-coff.a(extendsfdf.o)
                              c:/program files (x86)/microchip/xc16/v1.35/bin/bin/../../lib\liblega-c-coff.a(xputfld_fF.XXo) (__extendsfdf2)
c:/program files (x86)/microchip/xc16/v1.35/bin/bin/../../lib\libm-coff.a(deqltle.o)
                              c:/program files (x86)/microchip/xc16/v1.35/bin/bin/../../lib\liblega-c-coff.a(xldtob_fF.XXo) (__ltdf2)
c:/program files (x86)/microchip/xc16/v1.35/bin/bin/../../lib\libm-coff.a(divsi3.o)
                              c:/program files (x86)/microchip/xc16/v1.35/bin/bin/../../lib\liblega-c-coff.a(xldtob_fF.XXo) (__divsi3)
c:/program files (x86)/microchip/xc16/v1.35/bin/bin/../../lib\libm-coff.a(muldf3.o)
                              c:/program files (x86)/microchip/xc16/v1.35/bin/bin/../../lib\liblega-c-coff.a(xldtob_fF.XXo) (__muldf3)
c:/program files (x86)/microchip/xc16/v1.35/bin/bin/../../lib\libm-coff.a(divdf3.o)
                              c:/program files (x86)/microchip/xc16/v1.35/bin/bin/../../lib\liblega-c-coff.a(xldtob_fF.XXo) (__divdf3)
c:/program files (x86)/microchip/xc16/v1.35/bin/bin/../../lib\libm-coff.a(fixdfsi.o)
                              c:/program files (x86)/microchip/xc16/v1.35/bin/bin/../../lib\liblega-c-coff.a(xldtob_fF.XXo) (__fixdfsi)
c:/program files (x86)/microchip/xc16/v1.35/bin/bin/../../lib\libm-coff.a(floatsidf.o)
                              c:/program files (x86)/microchip/xc16/v1.35/bin/bin/../../lib\liblega-c-coff.a(xldtob_fF.XXo) (__floatsidf)
c:/program files (x86)/microchip/xc16/v1.35/bin/bin/../../lib\libm-coff.a(subdf3.o)
                              c:/program files (x86)/microchip/xc16/v1.35/bin/bin/../../lib\liblega-c-coff.a(xldtob_fF.XXo) (__subdf3)
c:/program files (x86)/microchip/xc16/v1.35/bin/bin/../../lib\libm-coff.a(dgtge.o)
                              c:/program files (x86)/microchip/xc16/v1.35/bin/bin/../../lib\liblega-c-coff.a(xldtob_fF.XXo) (__gtdf2)
c:/program files (x86)/microchip/xc16/v1.35/bin/bin/../../lib\libm-coff.a(mulsi3.o)
                              c:/program files (x86)/microchip/xc16/v1.35/bin/bin/../../lib\liblega-c-coff.a(ldiv.XX_o) (__mulsi3)
c:/program files (x86)/microchip/xc16/v1.35/bin/bin/../../lib\libm-coff.a(dcompare.o)
                              c:/program files (x86)/microchip/xc16/v1.35/bin/bin/../../lib\libm-coff.a(deqltle.o) (_dcompare)
c:/program files (x86)/microchip/xc16/v1.35/bin/bin/../../lib\libm-coff.a(udivsi3.o)
                              c:/program files (x86)/microchip/xc16/v1.35/bin/bin/../../lib\libm-coff.a(divsi3.o) (__udivsi3)
c:/program files (x86)/microchip/xc16/v1.35/bin/bin/../../lib\libm-coff.a(dunpack2.o)
                              c:/program files (x86)/microchip/xc16/v1.35/bin/bin/../../lib\libm-coff.a(muldf3.o) (_dunpack2)
c:/program files (x86)/microchip/xc16/v1.35/bin/bin/../../lib\libm-coff.a(dpack.o)
                              c:/program files (x86)/microchip/xc16/v1.35/bin/bin/../../lib\libm-coff.a(muldf3.o) (_dpack)
c:/program files (x86)/microchip/xc16/v1.35/bin/bin/../../lib\libm-coff.a(dunpack.o)
                              c:/program files (x86)/microchip/xc16/v1.35/bin/bin/../../lib\libm-coff.a(fixdfsi.o) (_dunpack)
c:/program files (x86)/microchip/xc16/v1.35/bin/bin/../../lib\libm-coff.a(floatdidf.o)
                              c:/program files (x86)/microchip/xc16/v1.35/bin/bin/../../lib\libm-coff.a(floatsidf.o) (__floatdidf)
c:/program files (x86)/microchip/xc16/v1.35/bin/bin/../../lib\libm-coff.a(adddf3.o)
                              c:/program files (x86)/microchip/xc16/v1.35/bin/bin/../../lib\libm-coff.a(subdf3.o) (__adddf3)
c:/program files (x86)/microchip/xc16/v1.35/bin/bin/../../lib\libm-coff.a(dtype.o)
                              c:/program files (x86)/microchip/xc16/v1.35/bin/bin/../../lib\libm-coff.a(dcompare.o) (_dtype)
c:/program files (x86)/microchip/xc16/v1.35/bin/bin/../../lib\libm-coff.a(dpropagateNaN.o)
                              c:/program files (x86)/microchip/xc16/v1.35/bin/bin/../../lib\libm-coff.a(dunpack2.o) (_dPropagateNaN)
c:/program files (x86)/microchip/xc16/v1.35/bin/bin/../../lib\libm-coff.a(floatundidf.o)
                              c:/program files (x86)/microchip/xc16/v1.35/bin/bin/../../lib\libm-coff.a(floatdidf.o) (__floatundidf)


xc16-ld 1.35 (B)

"program" Memory  [Origin = 0x200, Length = 0x155fc]

section                    address   length (PC units)   length (bytes) (dec)
-------                    -------   -----------------   --------------------
.text                        0x200              0x12e4          0x1c56  (7254)
.const                      0x14e4                0x2e            0x45  (69)
.text                       0x1512               0x83e           0xc5d  (3165)
.dinit                      0x1d50                0x80            0xc0  (192)
.text                       0x1dd0               0x11e           0x1ad  (429)

                 Total "program" memory used (bytes):         0x2b65  (11109) 8%


"data" Memory  [Origin = 0x800, Length = 0x2000]

section                    address      alignment gaps    total length  (dec)
-------                    -------      --------------    -------------------
.nbss                        0x800                   0            0x24  (36)
.ndata                       0x824                   0             0x6  (6)
.bss                         0x82a                   0            0x7e  (126)
.data                        0x8a8                   0            0x74  (116)

                 Total "data" memory used (bytes):          0x11c  (284) 3%


Dynamic Memory Usage

region                     address                      maximum length  (dec)
------                     -------                      ---------------------
heap                             0                                   0  (0)
stack                        0x91c                              0x1ee4  (7908)

                 Maximum dynamic memory (bytes):         0x1ee4  (7908)


External Symbols in Data Memory (by address):

                    0x0800                  _OScTcbP
                    0x0802                  _OSeligQP
                    0x0804                  _OSsigQinP
                    0x0806                  _OSsigQoutP
                    0x0808                  _OSdelayQP
                    0x080a                  _OStimerTicks
                    0x080e                  _OSlostTicks
                    0x0810                  _OSframeP
                    0x0814                  _counter
                    0x0816                  _rcvByte
                    0x0818                  _temperature
                    0x081c                  _potVoltage
                    0x0820                  _buffer_variable
                    0x0824                  _count1
                    0x0826                  _count2
                    0x082a                  _OStcbArea
                    0x08a2                  _OSecbArea

External Symbols in Data Memory (by name):

                    0x0800                  _OScTcbP
                    0x0808                  _OSdelayQP
                    0x08a2                  _OSecbArea
                    0x0802                  _OSeligQP
                    0x0810                  _OSframeP
                    0x080e                  _OSlostTicks
                    0x0804                  _OSsigQinP
                    0x0806                  _OSsigQoutP
                    0x082a                  _OStcbArea
                    0x080a                  _OStimerTicks
                    0x0820                  _buffer_variable
                    0x0824                  _count1
                    0x0826                  _count2
                    0x0814                  _counter
                    0x081c                  _potVoltage
                    0x0816                  _rcvByte
                    0x0818                  _temperature

External Symbols in Program Memory (by address):

                  0x000200                  __resetPRI
                  0x000230                  __psv_init
                  0x000246                  __data_init_standard
                  0x000246                  __data_init
                  0x0002d0                  __T1Interrupt
                  0x00030e                  __T2Interrupt
                  0x000314                  __U2RXInterrupt
                  0x000338                  __DefaultInterrupt
                  0x00033c                  sprintf_fF.XXo:_prout
                  0x00034a                  __sprintf_fF
                  0x000368                  _memcpy
                  0x000376                  ___Printf_fF
                  0x0004da                  __Vacopy
                  0x0004de                  _strchr
                  0x0004f6                  ___Putfld_fF
                  0x00059a                  __Puttxt
                  0x000712                  ___Ldtob_fF
                  0x000962                  __LDunscale
                  0x0009b6                  _ldiv
                  0x0009e0                  ___Genld_fF
                  0x000be8                  __Dnorm
                  0x000c80                  _div
                  0x000c96                  ___floatsisf
                  0x000c9c                  ___mulsf3
                  0x000d04                  ___subsf3
                  0x000d06                  ___addsf3
                  0x000dc0                  ___divsf3
                  0x000e44                  ___floatdisf
                  0x000e64                  __funpack2
                  0x000e74                  __fPropagateNaN
                  0x000e86                  __fbopExit
                  0x000e8e                  __fbopReturnNaN
                  0x000e94                  __fpack
                  0x000ee0                  ___floatundisf
                  0x000f3e                  __funpack
                  0x000f68                  ___extendsfdf2
                  0x000fa6                  ___eqdf2
                  0x000fa6                  ___ledf2
                  0x000fa6                  ___ltdf2
                  0x000fb0                  ___divsi3
                  0x000fce                  ___divdf3
                  0x001082                  ___fixdfsi
                  0x0010da                  ___floatsidf
                  0x0010e0                  ___subdf3
                  0x0010e4                  ___gtdf2
                  0x0010e4                  ___gedf2
                  0x0010ee                  ___mulp32eds3
                  0x0010ee                  ___mulp32peds3
                  0x0010ee                  ___mulsi3
                  0x0010fa                  __dcompare
                  0x00114c                  ___udivsi3
                  0x00116c                  __dunpack2
                  0x00118e                  __dreturnNaN
                  0x001194                  __dunpack2exit
                  0x00119e                  __dpack
                  0x0011f6                  __dunpack
                  0x001244                  ___floatdidf
                  0x001264                  __dtype
                  0x001288                  __dPropagateNaN
                  0x0012a4                  ___floatundidf
                  0x0012fc                  ___muldf3
                  0x0013e8                  ___adddf3
                  0x001512                  _TaskReadTempAndPot
                  0x001560                  _TaskKnightRider
                  0x0015cc                  _TaskPrintTempAndPot
                  0x001608                  _TaskRunLED
                  0x001624                  _main
                  0x00165a                  _SYSTEM_Initialize
                  0x00166c                  _OSCILLATOR_Initialize
                  0x001688                  _PIN_MANAGER_Initialize
                  0x0016cc                  _TMR1_Initialize
                  0x0016f2                  _TMR2_Initialize
                  0x0016f8                  _UART2_Initialize
                  0x001718                  _ADC_Initialize
                  0x001734                  _ADC_Operate
                  0x00174e                  _ADC_Temp
                  0x001774                  _U2_TxByte
                  0x001792                  _U2_TxString
                  0x0017be                  _delayFunc
                  0x0017ec                  _OSSched
                  0x00193c                  _OSInsPrioQ
                  0x0019b0                  _OSInsDelayQ
                  0x001a4e                  _OSDelPrioQ
                  0x001abe                  _OSDelDelayQ
                  0x001b34                  _OSWaitEvent
                  0x001c0c                  _OSCreateBinSem
                  0x001c30                  _OSWaitBinSem
                  0x001c64                  _OSSignalBinSem
                  0x001cca                  _OSCreateTask
                  0x001d20                  _OSInitPrioTask
                  0x001dd0                  _OSDelay
                  0x001e34                  _OSDispatch
                  0x001e58                  _OSCtxSw
                  0x001e74                  _OSReturn
                  0x001e82                  _OSTimer
                  0x001eac                  _OSInit
                  0x001ed0                  _OSDisableHook
                  0x001ed8                  _OSEnableHook
                  0x001ee0                  _OSClrWDTHook
                  0x001ee8                  _OSIdlingHook

External Symbols in Program Memory (by name):

                  0x001718                  _ADC_Initialize
                  0x001734                  _ADC_Operate
                  0x00174e                  _ADC_Temp
                  0x00166c                  _OSCILLATOR_Initialize
                  0x001ee0                  _OSClrWDTHook
                  0x001c0c                  _OSCreateBinSem
                  0x001cca                  _OSCreateTask
                  0x001e58                  _OSCtxSw
                  0x001abe                  _OSDelDelayQ
                  0x001a4e                  _OSDelPrioQ
                  0x001dd0                  _OSDelay
                  0x001ed0                  _OSDisableHook
                  0x001e34                  _OSDispatch
                  0x001ed8                  _OSEnableHook
                  0x001ee8                  _OSIdlingHook
                  0x001eac                  _OSInit
                  0x001d20                  _OSInitPrioTask
                  0x0019b0                  _OSInsDelayQ
                  0x00193c                  _OSInsPrioQ
                  0x001e74                  _OSReturn
                  0x0017ec                  _OSSched
                  0x001c64                  _OSSignalBinSem
                  0x001e82                  _OSTimer
                  0x001c30                  _OSWaitBinSem
                  0x001b34                  _OSWaitEvent
                  0x001688                  _PIN_MANAGER_Initialize
                  0x00165a                  _SYSTEM_Initialize
                  0x0016cc                  _TMR1_Initialize
                  0x0016f2                  _TMR2_Initialize
                  0x001560                  _TaskKnightRider
                  0x0015cc                  _TaskPrintTempAndPot
                  0x001512                  _TaskReadTempAndPot
                  0x001608                  _TaskRunLED
                  0x001774                  _U2_TxByte
                  0x001792                  _U2_TxString
                  0x0016f8                  _UART2_Initialize
                  0x000338                  __DefaultInterrupt
                  0x000be8                  __Dnorm
                  0x000962                  __LDunscale
                  0x00059a                  __Puttxt
                  0x0002d0                  __T1Interrupt
                  0x00030e                  __T2Interrupt
                  0x000314                  __U2RXInterrupt
                  0x0004da                  __Vacopy
                  0x0009e0                  ___Genld_fF
                  0x000712                  ___Ldtob_fF
                  0x000376                  ___Printf_fF
                  0x0004f6                  ___Putfld_fF
                  0x0013e8                  ___adddf3
                  0x000d06                  ___addsf3
                  0x000fce                  ___divdf3
                  0x000dc0                  ___divsf3
                  0x000fb0                  ___divsi3
                  0x000fa6                  ___eqdf2
                  0x000f68                  ___extendsfdf2
                  0x001082                  ___fixdfsi
                  0x001244                  ___floatdidf
                  0x000e44                  ___floatdisf
                  0x0010da                  ___floatsidf
                  0x000c96                  ___floatsisf
                  0x0012a4                  ___floatundidf
                  0x000ee0                  ___floatundisf
                  0x0010e4                  ___gedf2
                  0x0010e4                  ___gtdf2
                  0x000fa6                  ___ledf2
                  0x000fa6                  ___ltdf2
                  0x0012fc                  ___muldf3
                  0x0010ee                  ___mulp32eds3
                  0x0010ee                  ___mulp32peds3
                  0x000c9c                  ___mulsf3
                  0x0010ee                  ___mulsi3
                  0x0010e0                  ___subdf3
                  0x000d04                  ___subsf3
                  0x00114c                  ___udivsi3
                  0x001288                  __dPropagateNaN
                  0x000246                  __data_init
                  0x000246                  __data_init_standard
                  0x0010fa                  __dcompare
                  0x00119e                  __dpack
                  0x00118e                  __dreturnNaN
                  0x001264                  __dtype
                  0x0011f6                  __dunpack
                  0x00116c                  __dunpack2
                  0x001194                  __dunpack2exit
                  0x000e74                  __fPropagateNaN
                  0x000e86                  __fbopExit
                  0x000e8e                  __fbopReturnNaN
                  0x000e94                  __fpack
                  0x000f3e                  __funpack
                  0x000e64                  __funpack2
                  0x000230                  __psv_init
                  0x000200                  __resetPRI
                  0x00034a                  __sprintf_fF
                  0x0017be                  _delayFunc
                  0x000c80                  _div
                  0x0009b6                  _ldiv
                  0x001624                  _main
                  0x000368                  _memcpy
                  0x0004de                  _strchr
                  0x00033c                  sprintf_fF.XXo:_prout

Memory Configuration

Name             Origin             Length             Attributes
data             0x000800           0x002000           a !xr
reset            0x000000           0x000004  
ivt              0x000004           0x0000fc  
_reserved        0x000100           0x000004  
aivt             0x000104           0x0000fc  
program          0x000200           0x0155fc           xr
CONFIG2          0x0157fc           0x000002  
CONFIG1          0x0157fe           0x000002  
*default*        0x000000           0xffffffff  

Linker script and memory map

LOAD build/default/production/RtosMain.o
LOAD build/default/production/salvomem.o
LOAD C:\Pumpkin\Salvo\Lib\MCC30-v3\libsalvolmcc30s-t.a
                    0x0001                  __MPLAB_BUILD = 0x1
LOAD pPIC24Fxxx
LOAD c:/program files (x86)/microchip/xc16/v1.35/bin/bin/../../lib\libfx-coff.a
                    0x157fc                  __CONFIG2 = 0x157fc
                    0x157fe                  __CONFIG1 = 0x157fe
                    0x0200                  __CODE_BASE = 0x200
                    0x155fc                  __CODE_LENGTH = 0x155fc
                    0x0004                  __IVT_BASE = 0x4
                    0x0104                  __AIVT_BASE = 0x104
                    0x0800                  __DATA_BASE = 0x800
                    0x2000                  __DATA_LENGTH = 0x2000

.reset            0x000000          0x4
                  0x000000          0x2 SHORT 0x200 ABSOLUTE (__reset)
                  0x000001          0x2 SHORT 0x4
                  0x000002          0x2 SHORT 0x0 ((ABSOLUTE (__reset) >> 0x10) & 0x7f)
                  0x000003          0x2 SHORT 0x0

.text             0x000200       0x12e4
 *(.init)
 .init            0x000200         0x40 c:/program files (x86)/microchip/xc16/v1.35/bin/bin/../../lib\liblega-pic30-coff.a(crt0_standard.o)
                  0x000200                  _resetPRI
                  0x000200                  _reset
                  0x000230                  _psv_init
 .init            0x000240         0x7c c:/program files (x86)/microchip/xc16/v1.35/bin/bin/../../lib\liblega-pic30-coff.a(data_init_standard.o)
                  0x000246                  _data_init_standard
                  0x000246                  _data_init
 *(.user_init)
 *(.handle)
 .handle          0x0002bc         0x14 jump_table
 *(.isr*)
 .isr.text        0x0002d0         0x68 build/default/production/RtosMain.o
                  0x0002d0                  _T1Interrupt
                  0x00030e                  _T2Interrupt
                  0x000314                  _U2RXInterrupt
 .isr             0x000338          0x4 default_isr
                  0x000338                  _DefaultInterrupt
 *(.libc)
 .libc            0x00033c         0x2c c:/program files (x86)/microchip/xc16/v1.35/bin/bin/../../lib\liblega-c-coff.a(sprintf_fF.XXo)
                  0x00033c                  sprintf_fF.XXo:_prout
                  0x00034a                  _sprintf_fF
 .libc            0x000368          0xe c:/program files (x86)/microchip/xc16/v1.35/bin/bin/../../lib\liblega-c-coff.a(memcpy.XX_o)
                  0x000368                  memcpy
 .libc            0x000376        0x164 c:/program files (x86)/microchip/xc16/v1.35/bin/bin/../../lib\liblega-c-coff.a(xprintf_fF.XXo)
                  0x000376                  __Printf_fF
 .libc            0x0004da          0x4 c:/program files (x86)/microchip/xc16/v1.35/bin/bin/../../lib\liblega-c-coff.a(xvacopy.XX_o)
                  0x0004da                  _Vacopy
 .libc            0x0004de         0x18 c:/program files (x86)/microchip/xc16/v1.35/bin/bin/../../lib\liblega-c-coff.a(strchr.XX_o)
                  0x0004de                  strchr
 .libc            0x0004f6         0xa4 c:/program files (x86)/microchip/xc16/v1.35/bin/bin/../../lib\liblega-c-coff.a(xputfld_fF.XXo)
                  0x0004f6                  __Putfld_fF
 .libc            0x00059a        0x178 c:/program files (x86)/microchip/xc16/v1.35/bin/bin/../../lib\liblega-c-coff.a(xputtxt.XX_o)
                  0x00059a                  _Puttxt
 .libc            0x000712        0x250 c:/program files (x86)/microchip/xc16/v1.35/bin/bin/../../lib\liblega-c-coff.a(xldtob_fF.XXo)
                  0x000712                  __Ldtob_fF
 .libc            0x000962         0x54 c:/program files (x86)/microchip/xc16/v1.35/bin/bin/../../lib\liblega-c-coff.a(xldunsca.XX_o)
                  0x000962                  _LDunscale
 .libc            0x0009b6         0x2a c:/program files (x86)/microchip/xc16/v1.35/bin/bin/../../lib\liblega-c-coff.a(ldiv.XX_o)
                  0x0009b6                  ldiv
 .libc            0x0009e0        0x208 c:/program files (x86)/microchip/xc16/v1.35/bin/bin/../../lib\liblega-c-coff.a(xgenld_fF.XXo)
                  0x0009e0                  __Genld_fF
 .libc            0x000be8         0x98 c:/program files (x86)/microchip/xc16/v1.35/bin/bin/../../lib\liblega-c-coff.a(xdnorm.XX_o)
                  0x000be8                  _Dnorm
 .libc            0x000c80         0x16 c:/program files (x86)/microchip/xc16/v1.35/bin/bin/../../lib\liblega-c-coff.a(div.XX_o)
                  0x000c80                  div
 *(.libm)
 .libm            0x000c96          0x6 c:/program files (x86)/microchip/xc16/v1.35/bin/bin/../../lib\libm-coff.a(floatsisf.o)
                  0x000c96                  __floatsisf
 .libm            0x000c9c         0x68 c:/program files (x86)/microchip/xc16/v1.35/bin/bin/../../lib\libm-coff.a(mulsf3.o)
                  0x000c9c                  __mulsf3
 .libm            0x000d04         0xbc c:/program files (x86)/microchip/xc16/v1.35/bin/bin/../../lib\libm-coff.a(addsf3.o)
                  0x000d04                  __subsf3
                  0x000d06                  __addsf3
 .libm            0x000dc0         0x84 c:/program files (x86)/microchip/xc16/v1.35/bin/bin/../../lib\libm-coff.a(divsf3.o)
                  0x000dc0                  __divsf3
 .libm            0x000e44         0x20 c:/program files (x86)/microchip/xc16/v1.35/bin/bin/../../lib\libm-coff.a(floatdisf.o)
                  0x000e44                  __floatdisf
 .libm            0x000e64         0x10 c:/program files (x86)/microchip/xc16/v1.35/bin/bin/../../lib\libm-coff.a(funpack2.o)
                  0x000e64                  _funpack2
 .libm            0x000e74         0x20 c:/program files (x86)/microchip/xc16/v1.35/bin/bin/../../lib\libm-coff.a(futil.o)
                  0x000e74                  _fPropagateNaN
                  0x000e86                  _fbopExit
                  0x000e8e                  _fbopReturnNaN
 .libm            0x000e94         0x4c c:/program files (x86)/microchip/xc16/v1.35/bin/bin/../../lib\libm-coff.a(fpack.o)
                  0x000e94                  _fpack
 .libm            0x000ee0         0x5e c:/program files (x86)/microchip/xc16/v1.35/bin/bin/../../lib\libm-coff.a(floatundisf.o)
                  0x000ee0                  __floatundisf
 .libm            0x000f3e         0x2a c:/program files (x86)/microchip/xc16/v1.35/bin/bin/../../lib\libm-coff.a(funpack.o)
                  0x000f3e                  _funpack
 .libm            0x000f68         0x3e c:/program files (x86)/microchip/xc16/v1.35/bin/bin/../../lib\libm-coff.a(extendsfdf.o)
                  0x000f68                  __extendsfdf2
 .libm            0x000fa6          0xa c:/program files (x86)/microchip/xc16/v1.35/bin/bin/../../lib\libm-coff.a(deqltle.o)
                  0x000fa6                  __eqdf2
                  0x000fa6                  __ltdf2
                  0x000fa6                  __ledf2
 .libm            0x000fb0         0x1e c:/program files (x86)/microchip/xc16/v1.35/bin/bin/../../lib\libm-coff.a(divsi3.o)
                  0x000fb0                  __divsi3
 .libm            0x000fce         0xb4 c:/program files (x86)/microchip/xc16/v1.35/bin/bin/../../lib\libm-coff.a(divdf3.o)
                  0x000fce                  __divdf3
 .libm            0x001082         0x58 c:/program files (x86)/microchip/xc16/v1.35/bin/bin/../../lib\libm-coff.a(fixdfsi.o)
                  0x001082                  __fixdfsi
 .libm            0x0010da          0x6 c:/program files (x86)/microchip/xc16/v1.35/bin/bin/../../lib\libm-coff.a(floatsidf.o)
                  0x0010da                  __floatsidf
 .libm            0x0010e0          0x4 c:/program files (x86)/microchip/xc16/v1.35/bin/bin/../../lib\libm-coff.a(subdf3.o)
                  0x0010e0                  __subdf3
 .libm            0x0010e4          0xa c:/program files (x86)/microchip/xc16/v1.35/bin/bin/../../lib\libm-coff.a(dgtge.o)
                  0x0010e4                  __gtdf2
                  0x0010e4                  __gedf2
 .libm            0x0010ee          0xc c:/program files (x86)/microchip/xc16/v1.35/bin/bin/../../lib\libm-coff.a(mulsi3.o)
                  0x0010ee                  __mulp32peds3
                  0x0010ee                  __mulsi3
                  0x0010ee                  __mulp32eds3
 .libm            0x0010fa         0x52 c:/program files (x86)/microchip/xc16/v1.35/bin/bin/../../lib\libm-coff.a(dcompare.o)
                  0x0010fa                  _dcompare
 .libm            0x00114c         0x20 c:/program files (x86)/microchip/xc16/v1.35/bin/bin/../../lib\libm-coff.a(udivsi3.o)
                  0x00114c                  __udivsi3
 .libm            0x00116c         0x32 c:/program files (x86)/microchip/xc16/v1.35/bin/bin/../../lib\libm-coff.a(dunpack2.o)
                  0x00116c                  _dunpack2
                  0x00118e                  _dreturnNaN
                  0x001194                  _dunpack2exit
 .libm            0x00119e         0x58 c:/program files (x86)/microchip/xc16/v1.35/bin/bin/../../lib\libm-coff.a(dpack.o)
                  0x00119e                  _dpack
 .libm            0x0011f6         0x4e c:/program files (x86)/microchip/xc16/v1.35/bin/bin/../../lib\libm-coff.a(dunpack.o)
                  0x0011f6                  _dunpack
 .libm            0x001244         0x20 c:/program files (x86)/microchip/xc16/v1.35/bin/bin/../../lib\libm-coff.a(floatdidf.o)
                  0x001244                  __floatdidf
 .libm            0x001264         0x24 c:/program files (x86)/microchip/xc16/v1.35/bin/bin/../../lib\libm-coff.a(dtype.o)
                  0x001264                  _dtype
 .libm            0x001288         0x1c c:/program files (x86)/microchip/xc16/v1.35/bin/bin/../../lib\libm-coff.a(dpropagateNaN.o)
                  0x001288                  _dPropagateNaN
 .libm            0x0012a4         0x56 c:/program files (x86)/microchip/xc16/v1.35/bin/bin/../../lib\libm-coff.a(floatundidf.o)
                  0x0012a4                  __floatundidf
 *(.libdsp)
 *(.lib*)
 *fill*           0x0012fa          0x400
 .libm.muldf3     0x0012fc         0xec c:/program files (x86)/microchip/xc16/v1.35/bin/bin/../../lib\libm-coff.a(muldf3.o)
                  0x0012fc                  __muldf3
 .libm.adddf3     0x0013e8         0xfc c:/program files (x86)/microchip/xc16/v1.35/bin/bin/../../lib\libm-coff.a(adddf3.o)
                  0x0013e8                  __adddf3

usercode
 *(usercode)

__CONFIG2
 *(__CONFIG2.sec*)

__CONFIG1
 *(__CONFIG1.sec*)

.comment
 *(.comment)

.debug_info
 *(.debug_info)
 *(.gnu.linkonce.wi.*)

.debug_abbrev
 *(.debug_abbrev)

.debug_line
 *(.debug_line)

.debug_frame
 *(.debug_frame)

.debug_str
 *(.debug_str)

.debug_loc
 *(.debug_loc)

.debug_macinfo
 *(.debug_macinfo)

.debug_pubnames
 *(.debug_pubnames)

.debug_ranges
 *(.debug_ranges)

.debug_aranges
 *(.debug_aranges)
                    0x0000                  WREG0 = 0x0
                    0x0000                  _WREG0 = 0x0
                    0x0002                  WREG1 = 0x2
                    0x0002                  _WREG1 = 0x2
                    0x0004                  WREG2 = 0x4
                    0x0004                  _WREG2 = 0x4
                    0x0006                  WREG3 = 0x6
                    0x0006                  _WREG3 = 0x6
                    0x0008                  WREG4 = 0x8
                    0x0008                  _WREG4 = 0x8
                    0x000a                  WREG5 = 0xa
                    0x000a                  _WREG5 = 0xa
                    0x000c                  WREG6 = 0xc
                    0x000c                  _WREG6 = 0xc
                    0x000e                  WREG7 = 0xe
                    0x000e                  _WREG7 = 0xe
                    0x0010                  WREG8 = 0x10
                    0x0010                  _WREG8 = 0x10
                    0x0012                  WREG9 = 0x12
                    0x0012                  _WREG9 = 0x12
                    0x0014                  WREG10 = 0x14
                    0x0014                  _WREG10 = 0x14
                    0x0016                  WREG11 = 0x16
                    0x0016                  _WREG11 = 0x16
                    0x0018                  WREG12 = 0x18
                    0x0018                  _WREG12 = 0x18
                    0x001a                  WREG13 = 0x1a
                    0x001a                  _WREG13 = 0x1a
                    0x001c                  WREG14 = 0x1c
                    0x001c                  _WREG14 = 0x1c
                    0x001e                  WREG15 = 0x1e
                    0x001e                  _WREG15 = 0x1e
                    0x0020                  SPLIM = 0x20
                    0x0020                  _SPLIM = 0x20
                    0x002e                  PCL = 0x2e
                    0x002e                  _PCL = 0x2e
                    0x0030                  PCH = 0x30
                    0x0030                  _PCH = 0x30
                    0x0032                  TBLPAG = 0x32
                    0x0032                  _TBLPAG = 0x32
                    0x0034                  PSVPAG = 0x34
                    0x0034                  _PSVPAG = 0x34
                    0x0036                  RCOUNT = 0x36
                    0x0036                  _RCOUNT = 0x36
                    0x0042                  SR = 0x42
                    0x0042                  _SR = 0x42
                    0x0042                  _SRbits = 0x42
                    0x0044                  CORCON = 0x44
                    0x0044                  _CORCON = 0x44
                    0x0044                  _CORCONbits = 0x44
                    0x0052                  DISICNT = 0x52
                    0x0052                  _DISICNT = 0x52
                    0x0060                  CNEN1 = 0x60
                    0x0060                  _CNEN1 = 0x60
                    0x0060                  _CNEN1bits = 0x60
                    0x0062                  CNEN2 = 0x62
                    0x0062                  _CNEN2 = 0x62
                    0x0062                  _CNEN2bits = 0x62
                    0x0068                  CNPU1 = 0x68
                    0x0068                  _CNPU1 = 0x68
                    0x0068                  _CNPU1bits = 0x68
                    0x006a                  CNPU2 = 0x6a
                    0x006a                  _CNPU2 = 0x6a
                    0x006a                  _CNPU2bits = 0x6a
                    0x0080                  INTCON1 = 0x80
                    0x0080                  _INTCON1 = 0x80
                    0x0080                  _INTCON1bits = 0x80
                    0x0082                  INTCON2 = 0x82
                    0x0082                  _INTCON2 = 0x82
                    0x0082                  _INTCON2bits = 0x82
                    0x0084                  IFS0 = 0x84
                    0x0084                  _IFS0 = 0x84
                    0x0084                  _IFS0bits = 0x84
                    0x0086                  IFS1 = 0x86
                    0x0086                  _IFS1 = 0x86
                    0x0086                  _IFS1bits = 0x86
                    0x0088                  IFS2 = 0x88
                    0x0088                  _IFS2 = 0x88
                    0x0088                  _IFS2bits = 0x88
                    0x008a                  IFS3 = 0x8a
                    0x008a                  _IFS3 = 0x8a
                    0x008a                  _IFS3bits = 0x8a
                    0x008c                  IFS4 = 0x8c
                    0x008c                  _IFS4 = 0x8c
                    0x008c                  _IFS4bits = 0x8c
                    0x0094                  IEC0 = 0x94
                    0x0094                  _IEC0 = 0x94
                    0x0094                  _IEC0bits = 0x94
                    0x0096                  IEC1 = 0x96
                    0x0096                  _IEC1 = 0x96
                    0x0096                  _IEC1bits = 0x96
                    0x0098                  IEC2 = 0x98
                    0x0098                  _IEC2 = 0x98
                    0x0098                  _IEC2bits = 0x98
                    0x009a                  IEC3 = 0x9a
                    0x009a                  _IEC3 = 0x9a
                    0x009a                  _IEC3bits = 0x9a
                    0x009c                  IEC4 = 0x9c
                    0x009c                  _IEC4 = 0x9c
                    0x009c                  _IEC4bits = 0x9c
                    0x00a4                  IPC0 = 0xa4
                    0x00a4                  _IPC0 = 0xa4
                    0x00a4                  _IPC0bits = 0xa4
                    0x00a6                  IPC1 = 0xa6
                    0x00a6                  _IPC1 = 0xa6
                    0x00a6                  _IPC1bits = 0xa6
                    0x00a8                  IPC2 = 0xa8
                    0x00a8                  _IPC2 = 0xa8
                    0x00a8                  _IPC2bits = 0xa8
                    0x00aa                  IPC3 = 0xaa
                    0x00aa                  _IPC3 = 0xaa
                    0x00aa                  _IPC3bits = 0xaa
                    0x00ac                  IPC4 = 0xac
                    0x00ac                  _IPC4 = 0xac
                    0x00ac                  _IPC4bits = 0xac
                    0x00ae                  IPC5 = 0xae
                    0x00ae                  _IPC5 = 0xae
                    0x00ae                  _IPC5bits = 0xae
                    0x00b0                  IPC6 = 0xb0
                    0x00b0                  _IPC6 = 0xb0
                    0x00b0                  _IPC6bits = 0xb0
                    0x00b2                  IPC7 = 0xb2
                    0x00b2                  _IPC7 = 0xb2
                    0x00b2                  _IPC7bits = 0xb2
                    0x00b4                  IPC8 = 0xb4
                    0x00b4                  _IPC8 = 0xb4
                    0x00b4                  _IPC8bits = 0xb4
                    0x00b6                  IPC9 = 0xb6
                    0x00b6                  _IPC9 = 0xb6
                    0x00b6                  _IPC9bits = 0xb6
                    0x00b8                  IPC10 = 0xb8
                    0x00b8                  _IPC10 = 0xb8
                    0x00b8                  _IPC10bits = 0xb8
                    0x00ba                  IPC11 = 0xba
                    0x00ba                  _IPC11 = 0xba
                    0x00ba                  _IPC11bits = 0xba
                    0x00bc                  IPC12 = 0xbc
                    0x00bc                  _IPC12 = 0xbc
                    0x00bc                  _IPC12bits = 0xbc
                    0x00be                  IPC13 = 0xbe
                    0x00be                  _IPC13 = 0xbe
                    0x00be                  _IPC13bits = 0xbe
                    0x00c2                  IPC15 = 0xc2
                    0x00c2                  _IPC15 = 0xc2
                    0x00c2                  _IPC15bits = 0xc2
                    0x00c4                  IPC16 = 0xc4
                    0x00c4                  _IPC16 = 0xc4
                    0x00c4                  _IPC16bits = 0xc4
                    0x00e0                  INTTREG = 0xe0
                    0x00e0                  _INTTREG = 0xe0
                    0x00e0                  _INTTREGbits = 0xe0
                    0x0100                  TMR1 = 0x100
                    0x0100                  _TMR1 = 0x100
                    0x0102                  PR1 = 0x102
                    0x0102                  _PR1 = 0x102
                    0x0104                  T1CON = 0x104
                    0x0104                  _T1CON = 0x104
                    0x0104                  _T1CONbits = 0x104
                    0x0106                  TMR2 = 0x106
                    0x0106                  _TMR2 = 0x106
                    0x0108                  TMR3HLD = 0x108
                    0x0108                  _TMR3HLD = 0x108
                    0x010a                  TMR3 = 0x10a
                    0x010a                  _TMR3 = 0x10a
                    0x010c                  PR2 = 0x10c
                    0x010c                  _PR2 = 0x10c
                    0x010e                  PR3 = 0x10e
                    0x010e                  _PR3 = 0x10e
                    0x0110                  T2CON = 0x110
                    0x0110                  _T2CON = 0x110
                    0x0110                  _T2CONbits = 0x110
                    0x0112                  T3CON = 0x112
                    0x0112                  _T3CON = 0x112
                    0x0112                  _T3CONbits = 0x112
                    0x0114                  TMR4 = 0x114
                    0x0114                  _TMR4 = 0x114
                    0x0116                  TMR5HLD = 0x116
                    0x0116                  _TMR5HLD = 0x116
                    0x0118                  TMR5 = 0x118
                    0x0118                  _TMR5 = 0x118
                    0x011a                  PR4 = 0x11a
                    0x011a                  _PR4 = 0x11a
                    0x011c                  PR5 = 0x11c
                    0x011c                  _PR5 = 0x11c
                    0x011e                  T4CON = 0x11e
                    0x011e                  _T4CON = 0x11e
                    0x011e                  _T4CONbits = 0x11e
                    0x0120                  T5CON = 0x120
                    0x0120                  _T5CON = 0x120
                    0x0120                  _T5CONbits = 0x120
                    0x0140                  IC1BUF = 0x140
                    0x0140                  _IC1BUF = 0x140
                    0x0142                  IC1CON = 0x142
                    0x0142                  _IC1CON = 0x142
                    0x0142                  _IC1CONbits = 0x142
                    0x0144                  IC2BUF = 0x144
                    0x0144                  _IC2BUF = 0x144
                    0x0146                  IC2CON = 0x146
                    0x0146                  _IC2CON = 0x146
                    0x0146                  _IC2CONbits = 0x146
                    0x0148                  IC3BUF = 0x148
                    0x0148                  _IC3BUF = 0x148
                    0x014a                  IC3CON = 0x14a
                    0x014a                  _IC3CON = 0x14a
                    0x014a                  _IC3CONbits = 0x14a
                    0x014c                  IC4BUF = 0x14c
                    0x014c                  _IC4BUF = 0x14c
                    0x014e                  IC4CON = 0x14e
                    0x014e                  _IC4CON = 0x14e
                    0x014e                  _IC4CONbits = 0x14e
                    0x0150                  IC5BUF = 0x150
                    0x0150                  _IC5BUF = 0x150
                    0x0152                  IC5CON = 0x152
                    0x0152                  _IC5CON = 0x152
                    0x0152                  _IC5CONbits = 0x152
                    0x0180                  OC1RS = 0x180
                    0x0180                  _OC1RS = 0x180
                    0x0182                  OC1R = 0x182
                    0x0182                  _OC1R = 0x182
                    0x0184                  OC1CON = 0x184
                    0x0184                  _OC1CON = 0x184
                    0x0184                  _OC1CONbits = 0x184
                    0x0186                  OC2RS = 0x186
                    0x0186                  _OC2RS = 0x186
                    0x0188                  OC2R = 0x188
                    0x0188                  _OC2R = 0x188
                    0x018a                  OC2CON = 0x18a
                    0x018a                  _OC2CON = 0x18a
                    0x018a                  _OC2CONbits = 0x18a
                    0x018c                  OC3RS = 0x18c
                    0x018c                  _OC3RS = 0x18c
                    0x018e                  OC3R = 0x18e
                    0x018e                  _OC3R = 0x18e
                    0x0190                  OC3CON = 0x190
                    0x0190                  _OC3CON = 0x190
                    0x0190                  _OC3CONbits = 0x190
                    0x0192                  OC4RS = 0x192
                    0x0192                  _OC4RS = 0x192
                    0x0194                  OC4R = 0x194
                    0x0194                  _OC4R = 0x194
                    0x0196                  OC4CON = 0x196
                    0x0196                  _OC4CON = 0x196
                    0x0196                  _OC4CONbits = 0x196
                    0x0198                  OC5RS = 0x198
                    0x0198                  _OC5RS = 0x198
                    0x019a                  OC5R = 0x19a
                    0x019a                  _OC5R = 0x19a
                    0x019c                  OC5CON = 0x19c
                    0x019c                  _OC5CON = 0x19c
                    0x019c                  _OC5CONbits = 0x19c
                    0x0200                  I2C1RCV = 0x200
                    0x0200                  _I2C1RCV = 0x200
                    0x0202                  I2C1TRN = 0x202
                    0x0202                  _I2C1TRN = 0x202
                    0x0204                  I2C1BRG = 0x204
                    0x0204                  _I2C1BRG = 0x204
                    0x0206                  I2C1CON = 0x206
                    0x0206                  _I2C1CON = 0x206
                    0x0206                  _I2C1CONbits = 0x206
                    0x0208                  I2C1STAT = 0x208
                    0x0208                  _I2C1STAT = 0x208
                    0x0208                  _I2C1STATbits = 0x208
                    0x020a                  I2C1ADD = 0x20a
                    0x020a                  _I2C1ADD = 0x20a
                    0x020c                  I2C1MSK = 0x20c
                    0x020c                  _I2C1MSK = 0x20c
                    0x0210                  I2C2RCV = 0x210
                    0x0210                  _I2C2RCV = 0x210
                    0x0212                  I2C2TRN = 0x212
                    0x0212                  _I2C2TRN = 0x212
                    0x0214                  I2C2BRG = 0x214
                    0x0214                  _I2C2BRG = 0x214
                    0x0216                  I2C2CON = 0x216
                    0x0216                  _I2C2CON = 0x216
                    0x0216                  _I2C2CONbits = 0x216
                    0x0218                  I2C2STAT = 0x218
                    0x0218                  _I2C2STAT = 0x218
                    0x0218                  _I2C2STATbits = 0x218
                    0x021a                  I2C2ADD = 0x21a
                    0x021a                  _I2C2ADD = 0x21a
                    0x021c                  I2C2MSK = 0x21c
                    0x021c                  _I2C2MSK = 0x21c
                    0x0220                  U1MODE = 0x220
                    0x0220                  _U1MODE = 0x220
                    0x0220                  _U1MODEbits = 0x220
                    0x0222                  U1STA = 0x222
                    0x0222                  _U1STA = 0x222
                    0x0222                  _U1STAbits = 0x222
                    0x0224                  U1TXREG = 0x224
                    0x0224                  _U1TXREG = 0x224
                    0x0226                  U1RXREG = 0x226
                    0x0226                  _U1RXREG = 0x226
                    0x0228                  U1BRG = 0x228
                    0x0228                  _U1BRG = 0x228
                    0x0230                  U2MODE = 0x230
                    0x0230                  _U2MODE = 0x230
                    0x0230                  _U2MODEbits = 0x230
                    0x0232                  U2STA = 0x232
                    0x0232                  _U2STA = 0x232
                    0x0232                  _U2STAbits = 0x232
                    0x0234                  U2TXREG = 0x234
                    0x0234                  _U2TXREG = 0x234
                    0x0236                  U2RXREG = 0x236
                    0x0236                  _U2RXREG = 0x236
                    0x0238                  U2BRG = 0x238
                    0x0238                  _U2BRG = 0x238
                    0x0240                  SPI1STAT = 0x240
                    0x0240                  _SPI1STAT = 0x240
                    0x0240                  _SPI1STATbits = 0x240
                    0x0242                  SPI1CON1 = 0x242
                    0x0242                  _SPI1CON1 = 0x242
                    0x0242                  _SPI1CON1bits = 0x242
                    0x0244                  SPI1CON2 = 0x244
                    0x0244                  _SPI1CON2 = 0x244
                    0x0244                  _SPI1CON2bits = 0x244
                    0x0248                  SPI1BUF = 0x248
                    0x0248                  _SPI1BUF = 0x248
                    0x0260                  SPI2STAT = 0x260
                    0x0260                  _SPI2STAT = 0x260
                    0x0260                  _SPI2STATbits = 0x260
                    0x0262                  SPI2CON1 = 0x262
                    0x0262                  _SPI2CON1 = 0x262
                    0x0262                  _SPI2CON1bits = 0x262
                    0x0264                  SPI2CON2 = 0x264
                    0x0264                  _SPI2CON2 = 0x264
                    0x0264                  _SPI2CON2bits = 0x264
                    0x0268                  SPI2BUF = 0x268
                    0x0268                  _SPI2BUF = 0x268
                    0x02c0                  TRISA = 0x2c0
                    0x02c0                  _TRISA = 0x2c0
                    0x02c0                  _TRISAbits = 0x2c0
                    0x02c2                  PORTA = 0x2c2
                    0x02c2                  _PORTA = 0x2c2
                    0x02c2                  _PORTAbits = 0x2c2
                    0x02c4                  LATA = 0x2c4
                    0x02c4                  _LATA = 0x2c4
                    0x02c4                  _LATAbits = 0x2c4
                    0x02c6                  TRISB = 0x2c6
                    0x02c6                  _TRISB = 0x2c6
                    0x02c6                  _TRISBbits = 0x2c6
                    0x02c8                  PORTB = 0x2c8
                    0x02c8                  _PORTB = 0x2c8
                    0x02c8                  _PORTBbits = 0x2c8
                    0x02ca                  LATB = 0x2ca
                    0x02ca                  _LATB = 0x2ca
                    0x02ca                  _LATBbits = 0x2ca
                    0x02cc                  TRISC = 0x2cc
                    0x02cc                  _TRISC = 0x2cc
                    0x02cc                  _TRISCbits = 0x2cc
                    0x02ce                  PORTC = 0x2ce
                    0x02ce                  _PORTC = 0x2ce
                    0x02ce                  _PORTCbits = 0x2ce
                    0x02d0                  LATC = 0x2d0
                    0x02d0                  _LATC = 0x2d0
                    0x02d0                  _LATCbits = 0x2d0
                    0x02d2                  TRISD = 0x2d2
                    0x02d2                  _TRISD = 0x2d2
                    0x02d2                  _TRISDbits = 0x2d2
                    0x02d4                  PORTD = 0x2d4
                    0x02d4                  _PORTD = 0x2d4
                    0x02d4                  _PORTDbits = 0x2d4
                    0x02d6                  LATD = 0x2d6
                    0x02d6                  _LATD = 0x2d6
                    0x02d6                  _LATDbits = 0x2d6
                    0x02d8                  TRISE = 0x2d8
                    0x02d8                  _TRISE = 0x2d8
                    0x02d8                  _TRISEbits = 0x2d8
                    0x02da                  PORTE = 0x2da
                    0x02da                  _PORTE = 0x2da
                    0x02da                  _PORTEbits = 0x2da
                    0x02dc                  LATE = 0x2dc
                    0x02dc                  _LATE = 0x2dc
                    0x02dc                  _LATEbits = 0x2dc
                    0x02de                  TRISF = 0x2de
                    0x02de                  _TRISF = 0x2de
                    0x02de                  _TRISFbits = 0x2de
                    0x02e0                  PORTF = 0x2e0
                    0x02e0                  _PORTF = 0x2e0
                    0x02e0                  _PORTFbits = 0x2e0
                    0x02e2                  LATF = 0x2e2
                    0x02e2                  _LATF = 0x2e2
                    0x02e2                  _LATFbits = 0x2e2
                    0x02e4                  TRISG = 0x2e4
                    0x02e4                  _TRISG = 0x2e4
                    0x02e4                  _TRISGbits = 0x2e4
                    0x02e6                  PORTG = 0x2e6
                    0x02e6                  _PORTG = 0x2e6
                    0x02e6                  _PORTGbits = 0x2e6
                    0x02e8                  LATG = 0x2e8
                    0x02e8                  _LATG = 0x2e8
                    0x02e8                  _LATGbits = 0x2e8
                    0x02fc                  PADCFG1 = 0x2fc
                    0x02fc                  _PADCFG1 = 0x2fc
                    0x02fc                  _PADCFG1bits = 0x2fc
                    0x0300                  ADC1BUF0 = 0x300
                    0x0300                  _ADC1BUF0 = 0x300
                    0x0302                  ADC1BUF1 = 0x302
                    0x0302                  _ADC1BUF1 = 0x302
                    0x0304                  ADC1BUF2 = 0x304
                    0x0304                  _ADC1BUF2 = 0x304
                    0x0306                  ADC1BUF3 = 0x306
                    0x0306                  _ADC1BUF3 = 0x306
                    0x0308                  ADC1BUF4 = 0x308
                    0x0308                  _ADC1BUF4 = 0x308
                    0x030a                  ADC1BUF5 = 0x30a
                    0x030a                  _ADC1BUF5 = 0x30a
                    0x030c                  ADC1BUF6 = 0x30c
                    0x030c                  _ADC1BUF6 = 0x30c
                    0x030e                  ADC1BUF7 = 0x30e
                    0x030e                  _ADC1BUF7 = 0x30e
                    0x0310                  ADC1BUF8 = 0x310
                    0x0310                  _ADC1BUF8 = 0x310
                    0x0312                  ADC1BUF9 = 0x312
                    0x0312                  _ADC1BUF9 = 0x312
                    0x0314                  ADC1BUFA = 0x314
                    0x0314                  _ADC1BUFA = 0x314
                    0x0316                  ADC1BUFB = 0x316
                    0x0316                  _ADC1BUFB = 0x316
                    0x0318                  ADC1BUFC = 0x318
                    0x0318                  _ADC1BUFC = 0x318
                    0x031a                  ADC1BUFD = 0x31a
                    0x031a                  _ADC1BUFD = 0x31a
                    0x031c                  ADC1BUFE = 0x31c
                    0x031c                  _ADC1BUFE = 0x31c
                    0x031e                  ADC1BUFF = 0x31e
                    0x031e                  _ADC1BUFF = 0x31e
                    0x0320                  AD1CON1 = 0x320
                    0x0320                  _AD1CON1 = 0x320
                    0x0320                  _AD1CON1bits = 0x320
                    0x0322                  AD1CON2 = 0x322
                    0x0322                  _AD1CON2 = 0x322
                    0x0322                  _AD1CON2bits = 0x322
                    0x0324                  AD1CON3 = 0x324
                    0x0324                  _AD1CON3 = 0x324
                    0x0324                  _AD1CON3bits = 0x324
                    0x0328                  AD1CHS = 0x328
                    0x0328                  _AD1CHS = 0x328
                    0x0328                  _AD1CHSbits = 0x328
                    0x032c                  AD1PCFG = 0x32c
                    0x032c                  _AD1PCFG = 0x32c
                    0x032c                  _AD1PCFGbits = 0x32c
                    0x0330                  AD1CSSL = 0x330
                    0x0330                  _AD1CSSL = 0x330
                    0x0330                  _AD1CSSLbits = 0x330
                    0x0600                  PMCON = 0x600
                    0x0600                  _PMCON = 0x600
                    0x0600                  _PMCONbits = 0x600
                    0x0602                  PMMODE = 0x602
                    0x0602                  _PMMODE = 0x602
                    0x0602                  _PMMODEbits = 0x602
                    0x0604                  PMADDR = 0x604
                    0x0604                  _PMADDR = 0x604
                    0x0604                  _PMADDRbits = 0x604
                    0x0604                  PMDOUT1 = 0x604
                    0x0604                  _PMDOUT1 = 0x604
                    0x0606                  PMDOUT2 = 0x606
                    0x0606                  _PMDOUT2 = 0x606
                    0x0608                  PMDIN1 = 0x608
                    0x0608                  _PMDIN1 = 0x608
                    0x060a                  PMDIN2 = 0x60a
                    0x060a                  _PMDIN2 = 0x60a
                    0x060c                  PMAEN = 0x60c
                    0x060c                  _PMAEN = 0x60c
                    0x060c                  _PMAENbits = 0x60c
                    0x060e                  PMSTAT = 0x60e
                    0x060e                  _PMSTAT = 0x60e
                    0x060e                  _PMSTATbits = 0x60e
                    0x0620                  ALRMVAL = 0x620
                    0x0620                  _ALRMVAL = 0x620
                    0x0622                  ALCFGRPT = 0x622
                    0x0622                  _ALCFGRPT = 0x622
                    0x0622                  _ALCFGRPTbits = 0x622
                    0x0624                  RTCVAL = 0x624
                    0x0624                  _RTCVAL = 0x624
                    0x0626                  RCFGCAL = 0x626
                    0x0626                  _RCFGCAL = 0x626
                    0x0626                  _RCFGCALbits = 0x626
                    0x0630                  CMCON = 0x630
                    0x0630                  _CMCON = 0x630
                    0x0630                  _CMCONbits = 0x630
                    0x0632                  CVRCON = 0x632
                    0x0632                  _CVRCON = 0x632
                    0x0632                  _CVRCONbits = 0x632
                    0x0640                  CRCCON = 0x640
                    0x0640                  _CRCCON = 0x640
                    0x0640                  _CRCCONbits = 0x640
                    0x0642                  CRCXOR = 0x642
                    0x0642                  _CRCXOR = 0x642
                    0x0642                  _CRCXORbits = 0x642
                    0x0644                  CRCDAT = 0x644
                    0x0644                  _CRCDAT = 0x644
                    0x0646                  CRCWDAT = 0x646
                    0x0646                  _CRCWDAT = 0x646
                    0x06c0                  ODCA = 0x6c0
                    0x06c0                  _ODCA = 0x6c0
                    0x06c0                  _ODCAbits = 0x6c0
                    0x06c6                  ODCB = 0x6c6
                    0x06c6                  _ODCB = 0x6c6
                    0x06c6                  _ODCBbits = 0x6c6
                    0x06cc                  ODCC = 0x6cc
                    0x06cc                  _ODCC = 0x6cc
                    0x06cc                  _ODCCbits = 0x6cc
                    0x06d2                  ODCD = 0x6d2
                    0x06d2                  _ODCD = 0x6d2
                    0x06d2                  _ODCDbits = 0x6d2
                    0x06d8                  ODCE = 0x6d8
                    0x06d8                  _ODCE = 0x6d8
                    0x06d8                  _ODCEbits = 0x6d8
                    0x06de                  ODCF = 0x6de
                    0x06de                  _ODCF = 0x6de
                    0x06de                  _ODCFbits = 0x6de
                    0x06e4                  ODCG = 0x6e4
                    0x06e4                  _ODCG = 0x6e4
                    0x06e4                  _ODCGbits = 0x6e4
                    0x0740                  RCON = 0x740
                    0x0740                  _RCON = 0x740
                    0x0740                  _RCONbits = 0x740
                    0x0742                  OSCCON = 0x742
                    0x0742                  _OSCCON = 0x742
                    0x0742                  _OSCCONbits = 0x742
                    0x0742                  OSCCONL = 0x742
                    0x0742                  _OSCCONL = 0x742
                    0x0743                  OSCCONH = 0x743
                    0x0743                  _OSCCONH = 0x743
                    0x0744                  CLKDIV = 0x744
                    0x0744                  _CLKDIV = 0x744
                    0x0744                  _CLKDIVbits = 0x744
                    0x0748                  OSCTUN = 0x748
                    0x0748                  _OSCTUN = 0x748
                    0x0748                  _OSCTUNbits = 0x748
                    0x0760                  NVMCON = 0x760
                    0x0760                  _NVMCON = 0x760
                    0x0760                  _NVMCONbits = 0x760
                    0x0766                  NVMKEY = 0x766
                    0x0766                  _NVMKEY = 0x766
                    0x0770                  PMD1 = 0x770
                    0x0770                  _PMD1 = 0x770
                    0x0770                  _PMD1bits = 0x770
                    0x0772                  PMD2 = 0x772
                    0x0772                  _PMD2 = 0x772
                    0x0772                  _PMD2bits = 0x772
                    0x0774                  PMD3 = 0x774
                    0x0774                  _PMD3 = 0x774
                    0x0774                  _PMD3bits = 0x774
                    0x0140                  IC1 = 0x140
                    0x0140                  _IC1 = 0x140
                    0x0144                  IC2 = 0x144
                    0x0144                  _IC2 = 0x144
                    0x0148                  IC3 = 0x148
                    0x0148                  _IC3 = 0x148
                    0x014c                  IC4 = 0x14c
                    0x014c                  _IC4 = 0x14c
                    0x0150                  IC5 = 0x150
                    0x0150                  _IC5 = 0x150
                    0x0180                  OC1 = 0x180
                    0x0180                  _OC1 = 0x180
                    0x0186                  OC2 = 0x186
                    0x0186                  _OC2 = 0x186
                    0x018c                  OC3 = 0x18c
                    0x018c                  _OC3 = 0x18c
                    0x0192                  OC4 = 0x192
                    0x0192                  _OC4 = 0x192
                    0x0198                  OC5 = 0x198
                    0x0198                  _OC5 = 0x198
                    0x0240                  SPI1 = 0x240
                    0x0240                  _SPI1 = 0x240
                    0x0260                  SPI2 = 0x260
                    0x0260                  _SPI2 = 0x260
                    0x0220                  UART1 = 0x220
                    0x0220                  _UART1 = 0x220
                    0x0230                  UART2 = 0x230
                    0x0230                  _UART2 = 0x230
START GROUP
LOAD c:/program files (x86)/microchip/xc16/v1.35/bin/bin/../../lib\liblega-pic30-coff.a
LOAD c:/program files (x86)/microchip/xc16/v1.35/bin/bin/../../lib\libm-coff.a
LOAD c:/program files (x86)/microchip/xc16/v1.35/bin/bin/../../lib\liblega-c-coff.a
END GROUP
OUTPUT(dist/default/production/Project4.X.production.cof coff-pic30)
LOAD jump_table
LOAD data_init
LOAD default_isr

__c30_signature
                  0x000000        0x162
 __c30_signature
                  0x000000          0x6 build/default/production/RtosMain.o
 __c30_signature
                  0x000006          0x6 build/default/production/salvomem.o
 __c30_signature
                  0x00000c          0x6 C:\Pumpkin\Salvo\Lib\MCC30-v3\libsalvolmcc30s-t.a(salvobinsem.o)
 __c30_signature
                  0x000012          0x6 C:\Pumpkin\Salvo\Lib\MCC30-v3\libsalvolmcc30s-t.a(salvodelay.o)
 __c30_signature
                  0x000018          0x6 C:\Pumpkin\Salvo\Lib\MCC30-v3\libsalvolmcc30s-t.a(salvoinit.o)
 __c30_signature
                  0x00001e          0x6 C:\Pumpkin\Salvo\Lib\MCC30-v3\libsalvolmcc30s-t.a(salvoinit2.o)
 __c30_signature
                  0x000024          0x6 C:\Pumpkin\Salvo\Lib\MCC30-v3\libsalvolmcc30s-t.a(salvosched.o)
 __c30_signature
                  0x00002a          0x6 C:\Pumpkin\Salvo\Lib\MCC30-v3\libsalvolmcc30s-t.a(salvotimer.o)
 __c30_signature
                  0x000030          0x6 C:\Pumpkin\Salvo\Lib\MCC30-v3\libsalvolmcc30s-t.a(salvohook_interrupt.o)
 __c30_signature
                  0x000036          0x6 C:\Pumpkin\Salvo\Lib\MCC30-v3\libsalvolmcc30s-t.a(salvoevent.o)
 __c30_signature
                  0x00003c          0x6 C:\Pumpkin\Salvo\Lib\MCC30-v3\libsalvolmcc30s-t.a(salvoqins.o)
 __c30_signature
                  0x000042          0x6 C:\Pumpkin\Salvo\Lib\MCC30-v3\libsalvolmcc30s-t.a(salvohook_wdt.o)
 __c30_signature
                  0x000048          0x6 C:\Pumpkin\Salvo\Lib\MCC30-v3\libsalvolmcc30s-t.a(salvoqdel.o)
 __c30_signature
                  0x00004e          0x6 C:\Pumpkin\Salvo\Lib\MCC30-v3\libsalvolmcc30s-t.a(salvohook_idle.o)
 __c30_signature
                  0x000054          0x6 c:/program files (x86)/microchip/xc16/v1.35/bin/bin/../../lib\liblega-pic30-coff.a(crt0_standard.o)
 __c30_signature
                  0x00005a          0x6 c:/program files (x86)/microchip/xc16/v1.35/bin/bin/../../lib\liblega-pic30-coff.a(data_init_standard.o)
 __c30_signature
                  0x000060          0x6 c:/program files (x86)/microchip/xc16/v1.35/bin/bin/../../lib\libm-coff.a(floatsisf.o)
 __c30_signature
                  0x000066          0x6 c:/program files (x86)/microchip/xc16/v1.35/bin/bin/../../lib\libm-coff.a(mulsf3.o)
 __c30_signature
                  0x00006c          0x6 c:/program files (x86)/microchip/xc16/v1.35/bin/bin/../../lib\libm-coff.a(addsf3.o)
 __c30_signature
                  0x000072          0x6 c:/program files (x86)/microchip/xc16/v1.35/bin/bin/../../lib\libm-coff.a(divsf3.o)
 __c30_signature
                  0x000078          0x6 c:/program files (x86)/microchip/xc16/v1.35/bin/bin/../../lib\libm-coff.a(floatdisf.o)
 __c30_signature
                  0x00007e          0x6 c:/program files (x86)/microchip/xc16/v1.35/bin/bin/../../lib\libm-coff.a(funpack2.o)
 __c30_signature
                  0x000084          0x6 c:/program files (x86)/microchip/xc16/v1.35/bin/bin/../../lib\libm-coff.a(futil.o)
 __c30_signature
                  0x00008a          0x6 c:/program files (x86)/microchip/xc16/v1.35/bin/bin/../../lib\libm-coff.a(fpack.o)
 __c30_signature
                  0x000090          0x6 c:/program files (x86)/microchip/xc16/v1.35/bin/bin/../../lib\libm-coff.a(floatundisf.o)
 __c30_signature
                  0x000096          0x6 c:/program files (x86)/microchip/xc16/v1.35/bin/bin/../../lib\libm-coff.a(funpack.o)
 __c30_signature
                  0x00009c          0x6 c:/program files (x86)/microchip/xc16/v1.35/bin/bin/../../lib\liblega-c-coff.a(sprintf_fF.XXo)
 __c30_signature
                  0x0000a2          0x6 c:/program files (x86)/microchip/xc16/v1.35/bin/bin/../../lib\liblega-c-coff.a(memcpy.XX_o)
 __c30_signature
                  0x0000a8          0x6 c:/program files (x86)/microchip/xc16/v1.35/bin/bin/../../lib\liblega-c-coff.a(xprintf_fF.XXo)
 __c30_signature
                  0x0000ae          0x6 c:/program files (x86)/microchip/xc16/v1.35/bin/bin/../../lib\liblega-c-coff.a(xvacopy.XX_o)
 __c30_signature
                  0x0000b4          0x6 c:/program files (x86)/microchip/xc16/v1.35/bin/bin/../../lib\liblega-c-coff.a(strchr.XX_o)
 __c30_signature
                  0x0000ba          0x6 c:/program files (x86)/microchip/xc16/v1.35/bin/bin/../../lib\liblega-c-coff.a(xputfld_fF.XXo)
 __c30_signature
                  0x0000c0          0x6 c:/program files (x86)/microchip/xc16/v1.35/bin/bin/../../lib\liblega-c-coff.a(xputtxt.XX_o)
 __c30_signature
                  0x0000c6          0x6 c:/program files (x86)/microchip/xc16/v1.35/bin/bin/../../lib\liblega-c-coff.a(xldtob_fF.XXo)
 __c30_signature
                  0x0000cc          0x6 c:/program files (x86)/microchip/xc16/v1.35/bin/bin/../../lib\liblega-c-coff.a(xldunsca.XX_o)
 __c30_signature
                  0x0000d2          0x6 c:/program files (x86)/microchip/xc16/v1.35/bin/bin/../../lib\liblega-c-coff.a(ldiv.XX_o)
 __c30_signature
                  0x0000d8          0x6 c:/program files (x86)/microchip/xc16/v1.35/bin/bin/../../lib\liblega-c-coff.a(xgenld_fF.XXo)
 __c30_signature
                  0x0000de          0x6 c:/program files (x86)/microchip/xc16/v1.35/bin/bin/../../lib\liblega-c-coff.a(xdnorm.XX_o)
 __c30_signature
                  0x0000e4          0x6 c:/program files (x86)/microchip/xc16/v1.35/bin/bin/../../lib\liblega-c-coff.a(div.XX_o)
 __c30_signature
                  0x0000ea          0x6 c:/program files (x86)/microchip/xc16/v1.35/bin/bin/../../lib\libm-coff.a(extendsfdf.o)
 __c30_signature
                  0x0000f0          0x6 c:/program files (x86)/microchip/xc16/v1.35/bin/bin/../../lib\libm-coff.a(deqltle.o)
 __c30_signature
                  0x0000f6          0x6 c:/program files (x86)/microchip/xc16/v1.35/bin/bin/../../lib\libm-coff.a(divsi3.o)
 __c30_signature
                  0x0000fc          0x6 c:/program files (x86)/microchip/xc16/v1.35/bin/bin/../../lib\libm-coff.a(muldf3.o)
 __c30_signature
                  0x000102          0x6 c:/program files (x86)/microchip/xc16/v1.35/bin/bin/../../lib\libm-coff.a(divdf3.o)
 __c30_signature
                  0x000108          0x6 c:/program files (x86)/microchip/xc16/v1.35/bin/bin/../../lib\libm-coff.a(fixdfsi.o)
 __c30_signature
                  0x00010e          0x6 c:/program files (x86)/microchip/xc16/v1.35/bin/bin/../../lib\libm-coff.a(floatsidf.o)
 __c30_signature
                  0x000114          0x6 c:/program files (x86)/microchip/xc16/v1.35/bin/bin/../../lib\libm-coff.a(subdf3.o)
 __c30_signature
                  0x00011a          0x6 c:/program files (x86)/microchip/xc16/v1.35/bin/bin/../../lib\libm-coff.a(dgtge.o)
 __c30_signature
                  0x000120          0x6 c:/program files (x86)/microchip/xc16/v1.35/bin/bin/../../lib\libm-coff.a(mulsi3.o)
 __c30_signature
                  0x000126          0x6 c:/program files (x86)/microchip/xc16/v1.35/bin/bin/../../lib\libm-coff.a(dcompare.o)
 __c30_signature
                  0x00012c          0x6 c:/program files (x86)/microchip/xc16/v1.35/bin/bin/../../lib\libm-coff.a(udivsi3.o)
 __c30_signature
                  0x000132          0x6 c:/program files (x86)/microchip/xc16/v1.35/bin/bin/../../lib\libm-coff.a(dunpack2.o)
 __c30_signature
                  0x000138          0x6 c:/program files (x86)/microchip/xc16/v1.35/bin/bin/../../lib\libm-coff.a(dpack.o)
 __c30_signature
                  0x00013e          0x6 c:/program files (x86)/microchip/xc16/v1.35/bin/bin/../../lib\libm-coff.a(dunpack.o)
 __c30_signature
                  0x000144          0x6 c:/program files (x86)/microchip/xc16/v1.35/bin/bin/../../lib\libm-coff.a(floatdidf.o)
 __c30_signature
                  0x00014a          0x6 c:/program files (x86)/microchip/xc16/v1.35/bin/bin/../../lib\libm-coff.a(adddf3.o)
 __c30_signature
                  0x000150          0x6 c:/program files (x86)/microchip/xc16/v1.35/bin/bin/../../lib\libm-coff.a(dtype.o)
 __c30_signature
                  0x000156          0x6 c:/program files (x86)/microchip/xc16/v1.35/bin/bin/../../lib\libm-coff.a(dpropagateNaN.o)
 __c30_signature
                  0x00015c          0x6 c:/program files (x86)/microchip/xc16/v1.35/bin/bin/../../lib\libm-coff.a(floatundidf.o)

.nbss               0x0800         0x24
 .nbss              0x0800         0x14 build/default/production/salvomem.o
                    0x0800                  OScTcbP
                    0x0802                  OSeligQP
                    0x0804                  OSsigQinP
                    0x0806                  OSsigQoutP
                    0x0808                  OSdelayQP
                    0x080a                  OStimerTicks
                    0x080e                  OSlostTicks
                    0x0810                  OSframeP
 .nbss              0x0814         0x10 build/default/production/RtosMain.o
                    0x0814                  counter
                    0x0816                  rcvByte
                    0x0818                  temperature
                    0x081c                  potVoltage
                    0x0820                  buffer_variable

.ndata              0x0824          0x6
 .ndata             0x0824          0x6 build/default/production/RtosMain.o
                    0x0824                  count1
                    0x0826                  count2

.bss                0x082a         0x7e
 .bss               0x082a         0x7e build/default/production/salvomem.o
                    0x082a                  OStcbArea
                    0x08a2                  OSecbArea

.data               0x08a8         0x74
 .data              0x08a8         0x58 c:/program files (x86)/microchip/xc16/v1.35/bin/bin/../../lib\liblega-c-coff.a(xldtob_fF.XXo)
 .data              0x0900         0x1a c:/program files (x86)/microchip/xc16/v1.35/bin/bin/../../lib\liblega-c-coff.a(xprintf_fF.XXo)
 .data              0x091a          0x2 c:/program files (x86)/microchip/xc16/v1.35/bin/bin/../../lib\liblega-c-coff.a(xgenld_fF.XXo)

.config_JTAGEN    0x0157fe          0x2
 .config_JTAGEN
                  0x0157fe          0x2 build/default/production/RtosMain.o

.config_IESO      0x0157fc          0x2
 .config_IESO     0x0157fc          0x2 build/default/production/RtosMain.o

.ivt._T1Interrupt
                  0x00001a          0x2
 .ivt._T1Interrupt
                  0x00001a          0x2 build/default/production/RtosMain.o

.ivt._T2Interrupt
                  0x000022          0x2
 .ivt._T2Interrupt
                  0x000022          0x2 build/default/production/RtosMain.o

.ivt._U2RXInterrupt
                  0x000050          0x2
 .ivt._U2RXInterrupt
                  0x000050          0x2 build/default/production/RtosMain.o

.const              0x94e4         0x2e load address 0x0014e4  
 .const             0x94e4         0x2e build/default/production/RtosMain.o

.text             0x001512        0x83e
 .text            0x001512        0x2da build/default/production/RtosMain.o
                  0x001512                  TaskReadTempAndPot
                  0x001560                  TaskKnightRider
                  0x0015cc                  TaskPrintTempAndPot
                  0x001608                  TaskRunLED
                  0x001624                  main
                  0x00165a                  SYSTEM_Initialize
                  0x00166c                  OSCILLATOR_Initialize
                  0x001688                  PIN_MANAGER_Initialize
                  0x0016cc                  TMR1_Initialize
                  0x0016f2                  TMR2_Initialize
                  0x0016f8                  UART2_Initialize
                  0x001718                  ADC_Initialize
                  0x001734                  ADC_Operate
                  0x00174e                  ADC_Temp
                  0x001774                  U2_TxByte
                  0x001792                  U2_TxString
                  0x0017be                  delayFunc
 .text            0x0017ec        0x150 C:\Pumpkin\Salvo\Lib\MCC30-v3\libsalvolmcc30s-t.a(salvosched.o)
                  0x0017ec                  OSSched
 .text            0x00193c        0x112 C:\Pumpkin\Salvo\Lib\MCC30-v3\libsalvolmcc30s-t.a(salvoqins.o)
                  0x00193c                  OSInsPrioQ
                  0x0019b0                  OSInsDelayQ
 .text            0x001a4e         0xe6 C:\Pumpkin\Salvo\Lib\MCC30-v3\libsalvolmcc30s-t.a(salvoqdel.o)
                  0x001a4e                  OSDelPrioQ
                  0x001abe                  OSDelDelayQ
 .text            0x001b34         0xd8 C:\Pumpkin\Salvo\Lib\MCC30-v3\libsalvolmcc30s-t.a(salvoevent.o)
                  0x001b34                  OSWaitEvent
 .text            0x001c0c         0xbe C:\Pumpkin\Salvo\Lib\MCC30-v3\libsalvolmcc30s-t.a(salvobinsem.o)
                  0x001c0c                  OSCreateBinSem
                  0x001c30                  OSWaitBinSem
                  0x001c64                  OSSignalBinSem
 .text            0x001cca         0x86 C:\Pumpkin\Salvo\Lib\MCC30-v3\libsalvolmcc30s-t.a(salvoinit2.o)
                  0x001cca                  OSCreateTask
                  0x001d20                  OSInitPrioTask

.dinit            0x001d50         0x80
 .dinit           0x001d50         0x80 data_init

.text             0x001dd0        0x11e
 .text            0x001dd0         0x64 C:\Pumpkin\Salvo\Lib\MCC30-v3\libsalvolmcc30s-t.a(salvodelay.o)
                  0x001dd0                  OSDelay
 .text            0x001e34         0x4e C:\Pumpkin\Salvo\Lib\MCC30-v3\libsalvolmcc30s-t.a(salvoportmcc30.o)
                  0x001e34                  OSDispatch
                  0x001e58                  OSCtxSw
                  0x001e74                  OSReturn
 .text            0x001e82         0x2a C:\Pumpkin\Salvo\Lib\MCC30-v3\libsalvolmcc30s-t.a(salvotimer.o)
                  0x001e82                  OSTimer
 .text            0x001eac         0x24 C:\Pumpkin\Salvo\Lib\MCC30-v3\libsalvolmcc30s-t.a(salvoinit.o)
                  0x001eac                  OSInit
 .text            0x001ed0         0x10 C:\Pumpkin\Salvo\Lib\MCC30-v3\libsalvolmcc30s-t.a(salvohook_interrupt.o)
                  0x001ed0                  OSDisableHook
                  0x001ed8                  OSEnableHook
 .text            0x001ee0          0x8 C:\Pumpkin\Salvo\Lib\MCC30-v3\libsalvolmcc30s-t.a(salvohook_wdt.o)
                  0x001ee0                  OSClrWDTHook
 .text            0x001ee8          0x6 C:\Pumpkin\Salvo\Lib\MCC30-v3\libsalvolmcc30s-t.a(salvohook_idle.o)
                  0x001ee8                  OSIdlingHook
